

================================================================
== Vivado HLS Report for 'HystThresholdComp'
================================================================
* Date:           Sat May 20 12:00:29 2023

* Version:        2019.1 (Build 2552052 on Fri May 24 15:28:33 MDT 2019)
* Project:        cannyReal
* Solution:       solution1
* Product family: zynq
* Target device:  xc7z020-clg400-1


================================================================
== Performance Estimates
================================================================
+ Timing (ns): 
    * Summary: 
    +--------+-------+----------+------------+
    |  Clock | Target| Estimated| Uncertainty|
    +--------+-------+----------+------------+
    |ap_clk  |  10.65|     6.888|        1.33|
    +--------+-------+----------+------------+

+ Latency (clock cycles): 
    * Summary: 
    +--------+--------+--------+--------+---------+
    |     Latency     |     Interval    | Pipeline|
    |   min  |   max  |   min  |   max  |   Type  |
    +--------+--------+--------+--------+---------+
    |  264193|  264193|  264193|  264193|   none  |
    +--------+--------+--------+--------+---------+

    + Detail: 
        * Instance: 
        N/A

        * Loop: 
        +-------------+--------+--------+----------+-----------+-----------+------+----------+
        |             |     Latency     | Iteration|  Initiation Interval  | Trip |          |
        |  Loop Name  |   min  |   max  |  Latency |  achieved |   target  | Count| Pipelined|
        +-------------+--------+--------+----------+-----------+-----------+------+----------+
        |- Loop 1     |  264192|  264192|       516|          -|          -|   512|    no    |
        | + Loop 1.1  |     513|     513|         3|          1|          1|   512|    yes   |
        +-------------+--------+--------+----------+-----------+-----------+------+----------+

============================================================
+ Verbose Summary: Synthesis Manager
============================================================
InlineROM: 1
ExposeGlobal: 0
============================================================
+ Verbose Summary: CDFG Model
============================================================
IsTopModel: 0
ResetActiveHigh: 1
IsCombinational: 2
IsDatapathOnly: 0
HasWiredReturn: 1
HasMFsm: 0
HasVarLatency: 1
IsPipeline: 0
IsRtlPipelined: 0
IsInstanceOverlapped: 0
IsDontTouch: 0
HasImplIP: 0
IsGatedGlobalClock: 0

+ Individual pipeline summary: 
  * Pipeline-0: initiation interval (II) = 1, depth = 3


============================================================
+ Verbose Summary: Schedule
============================================================
* Number of FSM states : 6
* Pipeline : 1
  Pipeline-0 : II = 1, D = 3, States = { 3 4 5 }
* Dataflow Pipeline: 0

* FSM state transitions: 
1 --> 2 
2 --> 3 
3 --> 4 
4 --> 6 5 
5 --> 3 
6 --> 2 

* FSM state operations: 

State 1 <SV = 0> <Delay = 1.76>
ST_1 : Operation 7 [1/1] (0.00ns)   --->   "%window_buf_0_1 = alloca i8"   --->   Operation 7 'alloca' 'window_buf_0_1' <Predicate = true> <Delay = 0.00>
ST_1 : Operation 8 [1/1] (0.00ns)   --->   "%window_buf_0_1_3 = alloca i8"   --->   Operation 8 'alloca' 'window_buf_0_1_3' <Predicate = true> <Delay = 0.00>
ST_1 : Operation 9 [1/1] (0.00ns)   --->   "%window_buf_1_1 = alloca i8"   --->   Operation 9 'alloca' 'window_buf_1_1' <Predicate = true> <Delay = 0.00>
ST_1 : Operation 10 [1/1] (0.00ns)   --->   "%window_buf_1_1_3 = alloca i8"   --->   Operation 10 'alloca' 'window_buf_1_1_3' <Predicate = true> <Delay = 0.00>
ST_1 : Operation 11 [1/1] (0.00ns)   --->   "%window_buf_2_1 = alloca i8"   --->   Operation 11 'alloca' 'window_buf_2_1' <Predicate = true> <Delay = 0.00>
ST_1 : Operation 12 [1/1] (0.00ns)   --->   "%window_buf_2_1_3 = alloca i8"   --->   Operation 12 'alloca' 'window_buf_2_1_3' <Predicate = true> <Delay = 0.00>
ST_1 : Operation 13 [1/1] (0.00ns)   --->   "call void (...)* @_ssdm_op_SpecInterface(i8* @fifo7, [8 x i8]* @ap_fifo_str, i32 0, i32 0, [1 x i8]* @p_str106, i32 0, i32 0, [1 x i8]* @p_str107, [1 x i8]* @p_str108, [1 x i8]* @p_str109, i32 2, i32 2, i32 16, i32 16, [1 x i8]* @p_str110, [1 x i8]* @p_str111)"   --->   Operation 13 'specinterface' <Predicate = true> <Delay = 0.00>
ST_1 : Operation 14 [1/1] (0.00ns)   --->   "call void (...)* @_ssdm_op_SpecInterface(i8* @fifo6, [8 x i8]* @ap_fifo_str, i32 0, i32 0, [1 x i8]* @p_str115, i32 0, i32 0, [1 x i8]* @p_str116, [1 x i8]* @p_str117, [1 x i8]* @p_str118, i32 2, i32 2, i32 16, i32 16, [1 x i8]* @p_str119, [1 x i8]* @p_str120)"   --->   Operation 14 'specinterface' <Predicate = true> <Delay = 0.00>
ST_1 : Operation 15 [1/1] (0.00ns)   --->   "%line_buf = alloca [512 x i24], align 4" [../../../../Desktop/Pynq-Z2-CannyEdgeDetection-master/hls/HlsImProc.hpp:424]   --->   Operation 15 'alloca' 'line_buf' <Predicate = true> <Delay = 0.00> <Core = "RAM">   --->   Core 37 'RAM' <Latency = 1> <II = 1> <Delay = 3.25> <Storage> <Opcode : 'load' 'store'> <Ports = 2> <Width = 24> <Depth = 512> <RAM>
ST_1 : Operation 16 [1/1] (1.76ns)   --->   "br label %.loopexit" [../../../../Desktop/Pynq-Z2-CannyEdgeDetection-master/hls/HlsImProc.hpp:431]   --->   Operation 16 'br' <Predicate = true> <Delay = 1.76>

State 2 <SV = 1> <Delay = 2.74>
ST_2 : Operation 17 [1/1] (0.00ns)   --->   "%yi_0_i = phi i10 [ 0, %entry ], [ %yi, %.loopexit.loopexit ]"   --->   Operation 17 'phi' 'yi_0_i' <Predicate = true> <Delay = 0.00>
ST_2 : Operation 18 [1/1] (1.77ns)   --->   "%icmp_ln431 = icmp eq i10 %yi_0_i, -512" [../../../../Desktop/Pynq-Z2-CannyEdgeDetection-master/hls/HlsImProc.hpp:431]   --->   Operation 18 'icmp' 'icmp_ln431' <Predicate = true> <Delay = 1.77> <Core = "Cmp">   --->   Core 25 'Cmp' <Latency = 0> <II = 1> <Delay = 1.77> <FuncUnit> <Opcode : 'icmp'> <InPorts = 2> <OutPorts = 1>
ST_2 : Operation 19 [1/1] (0.00ns)   --->   "%empty = call i32 (...)* @_ssdm_op_SpecLoopTripCount(i64 512, i64 512, i64 512)"   --->   Operation 19 'speclooptripcount' 'empty' <Predicate = true> <Delay = 0.00>
ST_2 : Operation 20 [1/1] (1.73ns)   --->   "%yi = add i10 %yi_0_i, 1" [../../../../Desktop/Pynq-Z2-CannyEdgeDetection-master/hls/HlsImProc.hpp:431]   --->   Operation 20 'add' 'yi' <Predicate = true> <Delay = 1.73> <Core = "AddSub">   --->   Core 14 'AddSub' <Latency = 0> <II = 1> <Delay = 1.73> <FuncUnit> <Opcode : 'add' 'sub'> <InPorts = 2> <OutPorts = 1>
ST_2 : Operation 21 [1/1] (0.00ns)   --->   "br i1 %icmp_ln431, label %"HystThresholdComp<512u, 512u>.exit", label %.preheader4.i.preheader" [../../../../Desktop/Pynq-Z2-CannyEdgeDetection-master/hls/HlsImProc.hpp:431]   --->   Operation 21 'br' <Predicate = true> <Delay = 0.00>
ST_2 : Operation 22 [1/1] (1.76ns)   --->   "br label %.preheader4.i"   --->   Operation 22 'br' <Predicate = (!icmp_ln431)> <Delay = 1.76>
ST_2 : Operation 23 [1/1] (0.00ns)   --->   "ret void"   --->   Operation 23 'ret' <Predicate = (icmp_ln431)> <Delay = 0.00>

State 3 <SV = 2> <Delay = 3.25>
ST_3 : Operation 24 [1/1] (0.00ns)   --->   "%xi_0_i = phi i10 [ %xi, %hls_label_6 ], [ 0, %.preheader4.i.preheader ]"   --->   Operation 24 'phi' 'xi_0_i' <Predicate = true> <Delay = 0.00>
ST_3 : Operation 25 [1/1] (1.77ns)   --->   "%icmp_ln432 = icmp eq i10 %xi_0_i, -512" [../../../../Desktop/Pynq-Z2-CannyEdgeDetection-master/hls/HlsImProc.hpp:432]   --->   Operation 25 'icmp' 'icmp_ln432' <Predicate = true> <Delay = 1.77> <Core = "Cmp">   --->   Core 25 'Cmp' <Latency = 0> <II = 1> <Delay = 1.77> <FuncUnit> <Opcode : 'icmp'> <InPorts = 2> <OutPorts = 1>
ST_3 : Operation 26 [1/1] (1.73ns)   --->   "%xi = add i10 %xi_0_i, 1" [../../../../Desktop/Pynq-Z2-CannyEdgeDetection-master/hls/HlsImProc.hpp:432]   --->   Operation 26 'add' 'xi' <Predicate = true> <Delay = 1.73> <Core = "AddSub">   --->   Core 14 'AddSub' <Latency = 0> <II = 1> <Delay = 1.73> <FuncUnit> <Opcode : 'add' 'sub'> <InPorts = 2> <OutPorts = 1>
ST_3 : Operation 27 [1/1] (0.00ns)   --->   "%zext_ln441 = zext i10 %xi_0_i to i64" [../../../../Desktop/Pynq-Z2-CannyEdgeDetection-master/hls/HlsImProc.hpp:441]   --->   Operation 27 'zext' 'zext_ln441' <Predicate = (!icmp_ln432)> <Delay = 0.00>
ST_3 : Operation 28 [1/1] (0.00ns)   --->   "%line_buf_addr = getelementptr [512 x i24]* %line_buf, i64 0, i64 %zext_ln441" [../../../../Desktop/Pynq-Z2-CannyEdgeDetection-master/hls/HlsImProc.hpp:441]   --->   Operation 28 'getelementptr' 'line_buf_addr' <Predicate = (!icmp_ln432)> <Delay = 0.00>
ST_3 : Operation 29 [2/2] (3.25ns)   --->   "%line_buf_load = load i24* %line_buf_addr, align 4" [../../../../Desktop/Pynq-Z2-CannyEdgeDetection-master/hls/HlsImProc.hpp:444]   --->   Operation 29 'load' 'line_buf_load' <Predicate = (!icmp_ln432)> <Delay = 3.25> <Core = "RAM">   --->   Core 37 'RAM' <Latency = 1> <II = 1> <Delay = 3.25> <Storage> <Opcode : 'load' 'store'> <Ports = 2> <Width = 24> <Depth = 512> <RAM>

State 4 <SV = 3> <Delay = 6.88>
ST_4 : Operation 30 [1/1] (0.00ns)   --->   "%window_buf_0_1_4 = load i8* %window_buf_0_1_3"   --->   Operation 30 'load' 'window_buf_0_1_4' <Predicate = true> <Delay = 0.00>
ST_4 : Operation 31 [1/1] (0.00ns)   --->   "%window_buf_1_1_4 = load i8* %window_buf_1_1_3"   --->   Operation 31 'load' 'window_buf_1_1_4' <Predicate = true> <Delay = 0.00>
ST_4 : Operation 32 [1/1] (0.00ns)   --->   "%window_buf_2_1_4 = load i8* %window_buf_2_1_3"   --->   Operation 32 'load' 'window_buf_2_1_4' <Predicate = true> <Delay = 0.00>
ST_4 : Operation 33 [1/1] (0.00ns)   --->   "%empty_100 = call i32 (...)* @_ssdm_op_SpecLoopTripCount(i64 512, i64 512, i64 512)"   --->   Operation 33 'speclooptripcount' 'empty_100' <Predicate = true> <Delay = 0.00>
ST_4 : Operation 34 [1/1] (0.00ns)   --->   "br i1 %icmp_ln432, label %.loopexit.loopexit, label %hls_label_6" [../../../../Desktop/Pynq-Z2-CannyEdgeDetection-master/hls/HlsImProc.hpp:432]   --->   Operation 34 'br' <Predicate = true> <Delay = 0.00>
ST_4 : Operation 35 [1/1] (0.00ns)   --->   "%window_buf_0_1_loa = load i8* %window_buf_0_1" [../../../../Desktop/Pynq-Z2-CannyEdgeDetection-master/hls/HlsImProc.hpp:461]   --->   Operation 35 'load' 'window_buf_0_1_loa' <Predicate = (!icmp_ln432)> <Delay = 0.00>
ST_4 : Operation 36 [1/1] (0.00ns)   --->   "%window_buf_1_1_loa = load i8* %window_buf_1_1" [../../../../Desktop/Pynq-Z2-CannyEdgeDetection-master/hls/HlsImProc.hpp:461]   --->   Operation 36 'load' 'window_buf_1_1_loa' <Predicate = (!icmp_ln432)> <Delay = 0.00>
ST_4 : Operation 37 [1/1] (0.00ns)   --->   "%window_buf_2_1_loa = load i8* %window_buf_2_1" [../../../../Desktop/Pynq-Z2-CannyEdgeDetection-master/hls/HlsImProc.hpp:461]   --->   Operation 37 'load' 'window_buf_2_1_loa' <Predicate = (!icmp_ln432)> <Delay = 0.00>
ST_4 : Operation 38 [1/2] (3.25ns)   --->   "%line_buf_load = load i24* %line_buf_addr, align 4" [../../../../Desktop/Pynq-Z2-CannyEdgeDetection-master/hls/HlsImProc.hpp:444]   --->   Operation 38 'load' 'line_buf_load' <Predicate = (!icmp_ln432)> <Delay = 3.25> <Core = "RAM">   --->   Core 37 'RAM' <Latency = 1> <II = 1> <Delay = 3.25> <Storage> <Opcode : 'load' 'store'> <Ports = 2> <Width = 24> <Depth = 512> <RAM>
ST_4 : Operation 39 [1/1] (0.00ns)   --->   "%window_buf_0_2 = call i8 @_ssdm_op_PartSelect.i8.i24.i32.i32(i24 %line_buf_load, i32 8, i32 15)" [../../../../Desktop/Pynq-Z2-CannyEdgeDetection-master/hls/HlsImProc.hpp:441]   --->   Operation 39 'partselect' 'window_buf_0_2' <Predicate = (!icmp_ln432)> <Delay = 0.00>
ST_4 : Operation 40 [1/1] (0.00ns)   --->   "%window_buf_1_2 = call i8 @_ssdm_op_PartSelect.i8.i24.i32.i32(i24 %line_buf_load, i32 16, i32 23)" [../../../../Desktop/Pynq-Z2-CannyEdgeDetection-master/hls/HlsImProc.hpp:441]   --->   Operation 40 'partselect' 'window_buf_1_2' <Predicate = (!icmp_ln432)> <Delay = 0.00>
ST_4 : Operation 41 [1/1] (3.63ns)   --->   "%window_buf_2_2 = call i8 @_ssdm_op_Read.ap_fifo.volatile.i8P(i8* @fifo6)" [../../../../Desktop/Pynq-Z2-CannyEdgeDetection-master/hls/HlsImProc.hpp:444]   --->   Operation 41 'read' 'window_buf_2_2' <Predicate = (!icmp_ln432)> <Delay = 3.63> <Core = "FIFO">   --->   Core 32 'FIFO' <Latency = 0> <II = 1> <Delay = 3.63> <Storage> <Opcode : 'read' 'write' 'nbread' 'nbwrite'> <Ports = 0> <Width = 8> <Depth = 2> <FIFO>
ST_4 : Operation 42 [1/1] (0.00ns)   --->   "%tmp = call i16 @_ssdm_op_PartSelect.i16.i24.i32.i32(i24 %line_buf_load, i32 8, i32 23)" [../../../../Desktop/Pynq-Z2-CannyEdgeDetection-master/hls/HlsImProc.hpp:444]   --->   Operation 42 'partselect' 'tmp' <Predicate = (!icmp_ln432)> <Delay = 0.00>
ST_4 : Operation 43 [1/1] (0.00ns)   --->   "%tmp_10_i = call i24 @_ssdm_op_BitConcatenate.i24.i8.i16(i8 %window_buf_2_2, i16 %tmp)" [../../../../Desktop/Pynq-Z2-CannyEdgeDetection-master/hls/HlsImProc.hpp:444]   --->   Operation 43 'bitconcatenate' 'tmp_10_i' <Predicate = (!icmp_ln432)> <Delay = 0.00>
ST_4 : Operation 44 [1/1] (3.25ns)   --->   "store i24 %tmp_10_i, i24* %line_buf_addr, align 4" [../../../../Desktop/Pynq-Z2-CannyEdgeDetection-master/hls/HlsImProc.hpp:444]   --->   Operation 44 'store' <Predicate = (!icmp_ln432)> <Delay = 3.25> <Core = "RAM">   --->   Core 37 'RAM' <Latency = 1> <II = 1> <Delay = 3.25> <Storage> <Opcode : 'load' 'store'> <Ports = 2> <Width = 24> <Depth = 512> <RAM>
ST_4 : Operation 45 [1/1] (1.55ns)   --->   "%icmp_ln461 = icmp eq i8 %window_buf_0_1_loa, -1" [../../../../Desktop/Pynq-Z2-CannyEdgeDetection-master/hls/HlsImProc.hpp:461]   --->   Operation 45 'icmp' 'icmp_ln461' <Predicate = (!icmp_ln432)> <Delay = 1.55> <Core = "Cmp">   --->   Core 25 'Cmp' <Latency = 0> <II = 1> <Delay = 1.77> <FuncUnit> <Opcode : 'icmp'> <InPorts = 2> <OutPorts = 1>
ST_4 : Operation 46 [1/1] (1.55ns)   --->   "%icmp_ln460 = icmp ne i8 %window_buf_1_1_4, 0" [../../../../Desktop/Pynq-Z2-CannyEdgeDetection-master/hls/HlsImProc.hpp:460]   --->   Operation 46 'icmp' 'icmp_ln460' <Predicate = (!icmp_ln432)> <Delay = 1.55> <Core = "Cmp">   --->   Core 25 'Cmp' <Latency = 0> <II = 1> <Delay = 1.77> <FuncUnit> <Opcode : 'icmp'> <InPorts = 2> <OutPorts = 1>
ST_4 : Operation 47 [1/1] (1.55ns)   --->   "%icmp_ln461_1 = icmp eq i8 %window_buf_0_1_4, -1" [../../../../Desktop/Pynq-Z2-CannyEdgeDetection-master/hls/HlsImProc.hpp:461]   --->   Operation 47 'icmp' 'icmp_ln461_1' <Predicate = (!icmp_ln432)> <Delay = 1.55> <Core = "Cmp">   --->   Core 25 'Cmp' <Latency = 0> <II = 1> <Delay = 1.77> <FuncUnit> <Opcode : 'icmp'> <InPorts = 2> <OutPorts = 1>
ST_4 : Operation 48 [1/1] (1.55ns)   --->   "%icmp_ln461_2 = icmp eq i8 %window_buf_0_2, -1" [../../../../Desktop/Pynq-Z2-CannyEdgeDetection-master/hls/HlsImProc.hpp:461]   --->   Operation 48 'icmp' 'icmp_ln461_2' <Predicate = (!icmp_ln432)> <Delay = 1.55> <Core = "Cmp">   --->   Core 25 'Cmp' <Latency = 0> <II = 1> <Delay = 1.77> <FuncUnit> <Opcode : 'icmp'> <InPorts = 2> <OutPorts = 1>
ST_4 : Operation 49 [1/1] (1.55ns)   --->   "%icmp_ln461_3 = icmp eq i8 %window_buf_1_1_loa, -1" [../../../../Desktop/Pynq-Z2-CannyEdgeDetection-master/hls/HlsImProc.hpp:461]   --->   Operation 49 'icmp' 'icmp_ln461_3' <Predicate = (!icmp_ln432)> <Delay = 1.55> <Core = "Cmp">   --->   Core 25 'Cmp' <Latency = 0> <II = 1> <Delay = 1.77> <FuncUnit> <Opcode : 'icmp'> <InPorts = 2> <OutPorts = 1>
ST_4 : Operation 50 [1/1] (0.00ns) (grouped into LUT with out node and_ln460)   --->   "%or_ln460 = or i1 %icmp_ln461, %icmp_ln461_1" [../../../../Desktop/Pynq-Z2-CannyEdgeDetection-master/hls/HlsImProc.hpp:460]   --->   Operation 50 'or' 'or_ln460' <Predicate = (!icmp_ln432)> <Delay = 0.00> <Core = "LogicGate">   --->   Core 27 'LogicGate' <Latency = 0> <II = 1> <Delay = 0.97> <FuncUnit> <Opcode : 'and' 'or' 'xor'> <InPorts = 2> <OutPorts = 1>
ST_4 : Operation 51 [1/1] (0.00ns) (grouped into LUT with out node and_ln460)   --->   "%or_ln460_1 = or i1 %icmp_ln461_2, %icmp_ln461_3" [../../../../Desktop/Pynq-Z2-CannyEdgeDetection-master/hls/HlsImProc.hpp:460]   --->   Operation 51 'or' 'or_ln460_1' <Predicate = (!icmp_ln432)> <Delay = 0.00> <Core = "LogicGate">   --->   Core 27 'LogicGate' <Latency = 0> <II = 1> <Delay = 0.97> <FuncUnit> <Opcode : 'and' 'or' 'xor'> <InPorts = 2> <OutPorts = 1>
ST_4 : Operation 52 [1/1] (0.00ns) (grouped into LUT with out node and_ln460)   --->   "%or_ln460_2 = or i1 %or_ln460_1, %or_ln460" [../../../../Desktop/Pynq-Z2-CannyEdgeDetection-master/hls/HlsImProc.hpp:460]   --->   Operation 52 'or' 'or_ln460_2' <Predicate = (!icmp_ln432)> <Delay = 0.00> <Core = "LogicGate">   --->   Core 27 'LogicGate' <Latency = 0> <II = 1> <Delay = 0.97> <FuncUnit> <Opcode : 'and' 'or' 'xor'> <InPorts = 2> <OutPorts = 1>
ST_4 : Operation 53 [1/1] (0.97ns) (out node of the LUT)   --->   "%and_ln460 = and i1 %or_ln460_2, %icmp_ln460" [../../../../Desktop/Pynq-Z2-CannyEdgeDetection-master/hls/HlsImProc.hpp:460]   --->   Operation 53 'and' 'and_ln460' <Predicate = (!icmp_ln432)> <Delay = 0.97> <Core = "LogicGate">   --->   Core 27 'LogicGate' <Latency = 0> <II = 1> <Delay = 0.97> <FuncUnit> <Opcode : 'and' 'or' 'xor'> <InPorts = 2> <OutPorts = 1>
ST_4 : Operation 54 [1/1] (1.55ns)   --->   "%icmp_ln461_4 = icmp eq i8 %window_buf_1_1_4, -1" [../../../../Desktop/Pynq-Z2-CannyEdgeDetection-master/hls/HlsImProc.hpp:461]   --->   Operation 54 'icmp' 'icmp_ln461_4' <Predicate = (!icmp_ln432)> <Delay = 1.55> <Core = "Cmp">   --->   Core 25 'Cmp' <Latency = 0> <II = 1> <Delay = 1.77> <FuncUnit> <Opcode : 'icmp'> <InPorts = 2> <OutPorts = 1>
ST_4 : Operation 55 [1/1] (1.55ns)   --->   "%icmp_ln461_5 = icmp eq i8 %window_buf_1_2, -1" [../../../../Desktop/Pynq-Z2-CannyEdgeDetection-master/hls/HlsImProc.hpp:461]   --->   Operation 55 'icmp' 'icmp_ln461_5' <Predicate = (!icmp_ln432)> <Delay = 1.55> <Core = "Cmp">   --->   Core 25 'Cmp' <Latency = 0> <II = 1> <Delay = 1.77> <FuncUnit> <Opcode : 'icmp'> <InPorts = 2> <OutPorts = 1>
ST_4 : Operation 56 [1/1] (0.00ns) (grouped into LUT with out node or_ln460_4)   --->   "%and_ln460_1 = and i1 %icmp_ln461_5, %icmp_ln460" [../../../../Desktop/Pynq-Z2-CannyEdgeDetection-master/hls/HlsImProc.hpp:460]   --->   Operation 56 'and' 'and_ln460_1' <Predicate = (!icmp_ln432)> <Delay = 0.00> <Core = "LogicGate">   --->   Core 27 'LogicGate' <Latency = 0> <II = 1> <Delay = 0.97> <FuncUnit> <Opcode : 'and' 'or' 'xor'> <InPorts = 2> <OutPorts = 1>
ST_4 : Operation 57 [1/1] (1.55ns)   --->   "%icmp_ln461_6 = icmp eq i8 %window_buf_2_1_loa, -1" [../../../../Desktop/Pynq-Z2-CannyEdgeDetection-master/hls/HlsImProc.hpp:461]   --->   Operation 57 'icmp' 'icmp_ln461_6' <Predicate = (!icmp_ln432)> <Delay = 1.55> <Core = "Cmp">   --->   Core 25 'Cmp' <Latency = 0> <II = 1> <Delay = 1.77> <FuncUnit> <Opcode : 'icmp'> <InPorts = 2> <OutPorts = 1>
ST_4 : Operation 58 [1/1] (1.55ns)   --->   "%icmp_ln461_7 = icmp eq i8 %window_buf_2_1_4, -1" [../../../../Desktop/Pynq-Z2-CannyEdgeDetection-master/hls/HlsImProc.hpp:461]   --->   Operation 58 'icmp' 'icmp_ln461_7' <Predicate = (!icmp_ln432)> <Delay = 1.55> <Core = "Cmp">   --->   Core 25 'Cmp' <Latency = 0> <II = 1> <Delay = 1.77> <FuncUnit> <Opcode : 'icmp'> <InPorts = 2> <OutPorts = 1>
ST_4 : Operation 59 [1/1] (1.55ns)   --->   "%icmp_ln461_8 = icmp eq i8 %window_buf_2_2, -1" [../../../../Desktop/Pynq-Z2-CannyEdgeDetection-master/hls/HlsImProc.hpp:461]   --->   Operation 59 'icmp' 'icmp_ln461_8' <Predicate = (!icmp_ln432)> <Delay = 1.55> <Core = "Cmp">   --->   Core 25 'Cmp' <Latency = 0> <II = 1> <Delay = 1.77> <FuncUnit> <Opcode : 'icmp'> <InPorts = 2> <OutPorts = 1>
ST_4 : Operation 60 [1/1] (0.00ns) (grouped into LUT with out node or_ln460_4)   --->   "%or_ln460_3 = or i1 %icmp_ln461_4, %and_ln460_1" [../../../../Desktop/Pynq-Z2-CannyEdgeDetection-master/hls/HlsImProc.hpp:460]   --->   Operation 60 'or' 'or_ln460_3' <Predicate = (!icmp_ln432)> <Delay = 0.00> <Core = "LogicGate">   --->   Core 27 'LogicGate' <Latency = 0> <II = 1> <Delay = 0.97> <FuncUnit> <Opcode : 'and' 'or' 'xor'> <InPorts = 2> <OutPorts = 1>
ST_4 : Operation 61 [1/1] (0.97ns) (out node of the LUT)   --->   "%or_ln460_4 = or i1 %or_ln460_3, %and_ln460" [../../../../Desktop/Pynq-Z2-CannyEdgeDetection-master/hls/HlsImProc.hpp:460]   --->   Operation 61 'or' 'or_ln460_4' <Predicate = (!icmp_ln432)> <Delay = 0.97> <Core = "LogicGate">   --->   Core 27 'LogicGate' <Latency = 0> <II = 1> <Delay = 0.97> <FuncUnit> <Opcode : 'and' 'or' 'xor'> <InPorts = 2> <OutPorts = 1>
ST_4 : Operation 62 [1/1] (0.00ns)   --->   "store i8 %window_buf_2_2, i8* %window_buf_2_1_3" [../../../../Desktop/Pynq-Z2-CannyEdgeDetection-master/hls/HlsImProc.hpp:432]   --->   Operation 62 'store' <Predicate = (!icmp_ln432)> <Delay = 0.00>
ST_4 : Operation 63 [1/1] (0.00ns)   --->   "store i8 %window_buf_2_1_4, i8* %window_buf_2_1" [../../../../Desktop/Pynq-Z2-CannyEdgeDetection-master/hls/HlsImProc.hpp:432]   --->   Operation 63 'store' <Predicate = (!icmp_ln432)> <Delay = 0.00>
ST_4 : Operation 64 [1/1] (0.00ns)   --->   "store i8 %window_buf_1_2, i8* %window_buf_1_1_3" [../../../../Desktop/Pynq-Z2-CannyEdgeDetection-master/hls/HlsImProc.hpp:432]   --->   Operation 64 'store' <Predicate = (!icmp_ln432)> <Delay = 0.00>
ST_4 : Operation 65 [1/1] (0.00ns)   --->   "store i8 %window_buf_1_1_4, i8* %window_buf_1_1" [../../../../Desktop/Pynq-Z2-CannyEdgeDetection-master/hls/HlsImProc.hpp:432]   --->   Operation 65 'store' <Predicate = (!icmp_ln432)> <Delay = 0.00>
ST_4 : Operation 66 [1/1] (0.00ns)   --->   "store i8 %window_buf_0_2, i8* %window_buf_0_1_3" [../../../../Desktop/Pynq-Z2-CannyEdgeDetection-master/hls/HlsImProc.hpp:432]   --->   Operation 66 'store' <Predicate = (!icmp_ln432)> <Delay = 0.00>
ST_4 : Operation 67 [1/1] (0.00ns)   --->   "store i8 %window_buf_0_1_4, i8* %window_buf_0_1" [../../../../Desktop/Pynq-Z2-CannyEdgeDetection-master/hls/HlsImProc.hpp:432]   --->   Operation 67 'store' <Predicate = (!icmp_ln432)> <Delay = 0.00>

State 5 <SV = 4> <Delay = 4.62>
ST_5 : Operation 68 [1/1] (0.00ns)   --->   "%tmp_i = call i32 (...)* @_ssdm_op_SpecRegionBegin([12 x i8]* @p_str6)" [../../../../Desktop/Pynq-Z2-CannyEdgeDetection-master/hls/HlsImProc.hpp:432]   --->   Operation 68 'specregionbegin' 'tmp_i' <Predicate = (!icmp_ln432)> <Delay = 0.00>
ST_5 : Operation 69 [1/1] (0.00ns)   --->   "call void (...)* @_ssdm_op_SpecPipeline(i32 1, i32 1, i32 1, i32 0, [1 x i8]* @p_str2) nounwind" [../../../../Desktop/Pynq-Z2-CannyEdgeDetection-master/hls/HlsImProc.hpp:433]   --->   Operation 69 'specpipeline' <Predicate = (!icmp_ln432)> <Delay = 0.00>
ST_5 : Operation 70 [1/1] (0.00ns) (grouped into LUT with out node select_ln469)   --->   "%or_ln460_5 = or i1 %icmp_ln461_7, %icmp_ln461_8" [../../../../Desktop/Pynq-Z2-CannyEdgeDetection-master/hls/HlsImProc.hpp:460]   --->   Operation 70 'or' 'or_ln460_5' <Predicate = (!icmp_ln432)> <Delay = 0.00> <Core = "LogicGate">   --->   Core 27 'LogicGate' <Latency = 0> <II = 1> <Delay = 0.97> <FuncUnit> <Opcode : 'and' 'or' 'xor'> <InPorts = 2> <OutPorts = 1>
ST_5 : Operation 71 [1/1] (0.00ns) (grouped into LUT with out node select_ln469)   --->   "%or_ln460_6 = or i1 %or_ln460_5, %icmp_ln461_6" [../../../../Desktop/Pynq-Z2-CannyEdgeDetection-master/hls/HlsImProc.hpp:460]   --->   Operation 71 'or' 'or_ln460_6' <Predicate = (!icmp_ln432)> <Delay = 0.00> <Core = "LogicGate">   --->   Core 27 'LogicGate' <Latency = 0> <II = 1> <Delay = 0.97> <FuncUnit> <Opcode : 'and' 'or' 'xor'> <InPorts = 2> <OutPorts = 1>
ST_5 : Operation 72 [1/1] (0.00ns) (grouped into LUT with out node select_ln469)   --->   "%and_ln460_2 = and i1 %or_ln460_6, %icmp_ln460" [../../../../Desktop/Pynq-Z2-CannyEdgeDetection-master/hls/HlsImProc.hpp:460]   --->   Operation 72 'and' 'and_ln460_2' <Predicate = (!icmp_ln432)> <Delay = 0.00> <Core = "LogicGate">   --->   Core 27 'LogicGate' <Latency = 0> <II = 1> <Delay = 0.97> <FuncUnit> <Opcode : 'and' 'or' 'xor'> <InPorts = 2> <OutPorts = 1>
ST_5 : Operation 73 [1/1] (0.00ns) (grouped into LUT with out node select_ln469)   --->   "%or_ln460_7 = or i1 %and_ln460_2, %or_ln460_4" [../../../../Desktop/Pynq-Z2-CannyEdgeDetection-master/hls/HlsImProc.hpp:460]   --->   Operation 73 'or' 'or_ln460_7' <Predicate = (!icmp_ln432)> <Delay = 0.00> <Core = "LogicGate">   --->   Core 27 'LogicGate' <Latency = 0> <II = 1> <Delay = 0.97> <FuncUnit> <Opcode : 'and' 'or' 'xor'> <InPorts = 2> <OutPorts = 1>
ST_5 : Operation 74 [1/1] (0.99ns) (out node of the LUT)   --->   "%select_ln469 = select i1 %or_ln460_7, i8 -1, i8 0" [../../../../Desktop/Pynq-Z2-CannyEdgeDetection-master/hls/HlsImProc.hpp:469]   --->   Operation 74 'select' 'select_ln469' <Predicate = (!icmp_ln432)> <Delay = 0.99> <Core = "Sel">   --->   Core 26 'Sel' <Latency = 0> <II = 1> <Delay = 0.99> <FuncUnit> <Opcode : 'select'> <InPorts = 3> <OutPorts = 1>
ST_5 : Operation 75 [1/1] (3.63ns)   --->   "call void @_ssdm_op_Write.ap_fifo.volatile.i8P(i8* @fifo7, i8 %select_ln469)" [../../../../Desktop/Pynq-Z2-CannyEdgeDetection-master/hls/HlsImProc.hpp:469]   --->   Operation 75 'write' <Predicate = (!icmp_ln432)> <Delay = 3.63> <Core = "FIFO">   --->   Core 32 'FIFO' <Latency = 0> <II = 1> <Delay = 3.63> <Storage> <Opcode : 'read' 'write' 'nbread' 'nbwrite'> <Ports = 0> <Width = 8> <Depth = 2> <FIFO>
ST_5 : Operation 76 [1/1] (0.00ns)   --->   "%empty_101 = call i32 (...)* @_ssdm_op_SpecRegionEnd([12 x i8]* @p_str6, i32 %tmp_i)" [../../../../Desktop/Pynq-Z2-CannyEdgeDetection-master/hls/HlsImProc.hpp:470]   --->   Operation 76 'specregionend' 'empty_101' <Predicate = (!icmp_ln432)> <Delay = 0.00>
ST_5 : Operation 77 [1/1] (0.00ns)   --->   "br label %.preheader4.i" [../../../../Desktop/Pynq-Z2-CannyEdgeDetection-master/hls/HlsImProc.hpp:432]   --->   Operation 77 'br' <Predicate = (!icmp_ln432)> <Delay = 0.00>

State 6 <SV = 4> <Delay = 0.00>
ST_6 : Operation 78 [1/1] (0.00ns)   --->   "br label %.loopexit"   --->   Operation 78 'br' <Predicate = true> <Delay = 0.00>


============================================================
+ Verbose Summary: Timing violations
============================================================
Target clock period: 10.6ns, clock uncertainty: 1.33ns.

 <State 1>: 1.77ns
The critical path consists of the following:
	multiplexor before 'phi' operation ('yi') with incoming values : ('yi', ../../../../Desktop/Pynq-Z2-CannyEdgeDetection-master/hls/HlsImProc.hpp:431) [14]  (1.77 ns)

 <State 2>: 2.75ns
The critical path consists of the following:
	'icmp' operation ('icmp_ln431', ../../../../Desktop/Pynq-Z2-CannyEdgeDetection-master/hls/HlsImProc.hpp:431) [15]  (1.77 ns)
	blocking operation 0.978 ns on control path)

 <State 3>: 3.25ns
The critical path consists of the following:
	'phi' operation ('xi') with incoming values : ('xi', ../../../../Desktop/Pynq-Z2-CannyEdgeDetection-master/hls/HlsImProc.hpp:432) [22]  (0 ns)
	'getelementptr' operation ('line_buf_addr', ../../../../Desktop/Pynq-Z2-CannyEdgeDetection-master/hls/HlsImProc.hpp:441) [37]  (0 ns)
	'load' operation ('line_buf_load', ../../../../Desktop/Pynq-Z2-CannyEdgeDetection-master/hls/HlsImProc.hpp:444) on array 'line_buf', ../../../../Desktop/Pynq-Z2-CannyEdgeDetection-master/hls/HlsImProc.hpp:424 [38]  (3.25 ns)

 <State 4>: 6.89ns
The critical path consists of the following:
	fifo read on port 'fifo6' (../../../../Desktop/Pynq-Z2-CannyEdgeDetection-master/hls/HlsImProc.hpp:444) [41]  (3.63 ns)
	'store' operation ('store_ln444', ../../../../Desktop/Pynq-Z2-CannyEdgeDetection-master/hls/HlsImProc.hpp:444) of variable 'tmp_10_i', ../../../../Desktop/Pynq-Z2-CannyEdgeDetection-master/hls/HlsImProc.hpp:444 on array 'line_buf', ../../../../Desktop/Pynq-Z2-CannyEdgeDetection-master/hls/HlsImProc.hpp:424 [44]  (3.25 ns)

 <State 5>: 4.63ns
The critical path consists of the following:
	'or' operation ('or_ln460_5', ../../../../Desktop/Pynq-Z2-CannyEdgeDetection-master/hls/HlsImProc.hpp:460) [62]  (0 ns)
	'or' operation ('or_ln460_6', ../../../../Desktop/Pynq-Z2-CannyEdgeDetection-master/hls/HlsImProc.hpp:460) [63]  (0 ns)
	'and' operation ('and_ln460_2', ../../../../Desktop/Pynq-Z2-CannyEdgeDetection-master/hls/HlsImProc.hpp:460) [64]  (0 ns)
	'or' operation ('or_ln460_7', ../../../../Desktop/Pynq-Z2-CannyEdgeDetection-master/hls/HlsImProc.hpp:460) [65]  (0 ns)
	'select' operation ('select_ln469', ../../../../Desktop/Pynq-Z2-CannyEdgeDetection-master/hls/HlsImProc.hpp:469) [66]  (0.993 ns)
	fifo write on port 'fifo7' (../../../../Desktop/Pynq-Z2-CannyEdgeDetection-master/hls/HlsImProc.hpp:469) [67]  (3.63 ns)

 <State 6>: 0ns
The critical path consists of the following:


============================================================
+ Verbose Summary: Binding
============================================================
N/A
* FSMD analyzer results:
  - Output states:
 - Input state : 
  - Chain level:
	State 1
	State 2
	State 3
	State 4
	State 5
	State 6


============================================================
+ Verbose Summary: Datapath Resource usage 
============================================================
N/A
